// Jest Snapshot v1, https://goo.gl/fbAQLP

exports[`Component should rendered 1`] = `
<div
  className=""
>
  Allo!
</div>
`;
